C:\Users\Usuário\OneDrive\ws-crm\crm-local\src\main\java\com\crm\gui\PainelNegociacoes.java
C:\Users\Usuário\OneDrive\ws-crm\crm-local\src\main\java\com\crm\report\ExportadorCSV.java
C:\Users\Usuário\OneDrive\ws-crm\crm-local\src\main\java\com\crm\gui\DialogoCliente.java
C:\Users\Usuário\OneDrive\ws-crm\crm-local\src\main\java\com\crm\dao\NegociacaoDAO.java
C:\Users\Usuário\OneDrive\ws-crm\crm-local\src\main\java\com\crm\gui\TelaPrincipal.java
C:\Users\Usuário\OneDrive\ws-crm\crm-local\src\main\java\com\crm\model\Contato.java
C:\Users\Usuário\OneDrive\ws-crm\crm-local\src\main\java\com\crm\dao\ClienteDAO.java
C:\Users\Usuário\OneDrive\ws-crm\crm-local\src\main\java\com\crm\gui\PainelClientes.java
C:\Users\Usuário\OneDrive\ws-crm\crm-local\src\main\java\com\crm\Main.java
C:\Users\Usuário\OneDrive\ws-crm\crm-local\src\main\java\com\crm\gui\PainelDashboard.java
C:\Users\Usuário\OneDrive\ws-crm\crm-local\src\main\java\com\crm\gui\DialogoNegociacao.java
C:\Users\Usuário\OneDrive\ws-crm\crm-local\src\main\java\com\crm\model\Negociacao.java
C:\Users\Usuário\OneDrive\ws-crm\crm-local\src\main\java\com\crm\gui\PainelRelatorios.java
C:\Users\Usuário\OneDrive\ws-crm\crm-local\src\main\java\com\crm\report\ExportadorPDF.java
C:\Users\Usuário\OneDrive\ws-crm\crm-local\src\main\java\com\crm\model\Cliente.java
C:\Users\Usuário\OneDrive\ws-crm\crm-local\src\main\java\com\crm\dao\ContatoDAO.java
C:\Users\Usuário\OneDrive\ws-crm\crm-local\src\main\java\com\crm\gui\PainelContatos.java
C:\Users\Usuário\OneDrive\ws-crm\crm-local\src\main\java\com\crm\database\DatabaseConnection.java
C:\Users\Usuário\OneDrive\ws-crm\crm-local\src\main\java\com\crm\gui\DialogoContato.java
